
Linker Version 8.6.1.150212
Input Object File: C:\Users\james\Google 雲端硬碟\自製版子\holtek\GitHub\HT_USB_Project\HT66FB550_USB_C\MAIN.OBJ
Input Object File: C:\Users\james\Google 雲端硬碟\自製版子\holtek\GitHub\HT_USB_Project\HT66FB550_USB_C\STARTUP1_L.OBJ
Input Object File: C:\Users\james\Google 雲端硬碟\自製版子\holtek\GitHub\HT_USB_Project\HT66FB550_USB_C\HT66FB550_MCU.OBJ
Input Object File: C:\Users\james\Google 雲端硬碟\自製版子\holtek\GitHub\HT_USB_Project\HT66FB550_USB_C\HT66FB550_IO.OBJ

Input Library File: C:\Program Files\Holtek MCU Development Tools\HT-IDE3000V7.x\LIB\LIBHOLTEKGCC.LIB
Input Library File: C:\Program Files\Holtek MCU Development Tools\HT-IDE3000V7.x\LIB\v3_tabrd_mrsc.lib


     Bank    Start     End      Length     Class    AvgIns    Name
     00h     0000h     0000h    0001h      CODE               @code (C:\Users\james\Google 雲端硬碟\自製版子\holtek\GitHub\HT_USB_Project\HT66FB550_USB_C\MAIN.OBJ)
     00h     0001h     0001h    0001h      CODE               @start (C:\Users\james\Google 雲端硬碟\自製版子\holtek\GitHub\HT_USB_Project\HT66FB550_USB_C\MAIN.OBJ)
     00h     0002h     0007h    0006h      CODE               _main (C:\Users\james\Google 雲端硬碟\自製版子\holtek\GitHub\HT_USB_Project\HT66FB550_USB_C\MAIN.OBJ)
     00h     0008h     0008h    0001h      CODE               _HT66FB550_MCU_Init (C:\Users\james\Google 雲端硬碟\自製版子\holtek\GitHub\HT_USB_Project\HT66FB550_USB_C\HT66FB550_MCU.OBJ)
     00h     0009h     007dh    0075h      CODE               _HT66FB550_IO_DIR (C:\Users\james\Google 雲端硬碟\自製版子\holtek\GitHub\HT_USB_Project\HT66FB550_USB_C\HT66FB550_IO.OBJ)
     00h     007eh     00f2h    0075h      CODE               _HT66FB550_IO_Data (C:\Users\james\Google 雲端硬碟\自製版子\holtek\GitHub\HT_USB_Project\HT66FB550_USB_C\HT66FB550_IO.OBJ)
     00h     00f3h     011dh    002bh      CODE               _HT66FB550_IO_INIT (C:\Users\james\Google 雲端硬碟\自製版子\holtek\GitHub\HT_USB_Project\HT66FB550_USB_C\HT66FB550_IO.OBJ)
     00h     0080h     008eh    000fh      DATA     2         @HCCINIT0 (C:\Users\james\Google 雲端硬碟\自製版子\holtek\GitHub\HT_USB_Project\HT66FB550_USB_C\HT66FB550_IO.OBJ)
     00h     008fh     008fh    0001h      DATA     76        @data_ra (C:\Program Files\Holtek MCU Development Tools\HT-IDE3000V7.x\LIB\LIBHOLTEKGCC.LIB)
     00h     0090h     0090h    0001h      DATA     69        @data_rb (C:\Program Files\Holtek MCU Development Tools\HT-IDE3000V7.x\LIB\LIBHOLTEKGCC.LIB)
     00h     0091h     0091h    0001h      DATA     6         @data_rc (C:\Program Files\Holtek MCU Development Tools\HT-IDE3000V7.x\LIB\LIBHOLTEKGCC.LIB)

     Local Sections

     Bank    Start     End      Length     Class    AvgIns    Name
     00h     0096h     0096h    0000h      LOCAL    0         @dummy (C:\Users\james\Google 雲端硬碟\自製版子\holtek\GitHub\HT_USB_Project\HT66FB550_USB_C\MAIN.OBJ)
     00h     0096h     0096h    0000h      LOCAL    0         _main (C:\Users\james\Google 雲端硬碟\自製版子\holtek\GitHub\HT_USB_Project\HT66FB550_USB_C\MAIN.OBJ)
     00h     0092h     0092h    0000h      LOCAL    0         _HT66FB550_MCU_Init (C:\Users\james\Google 雲端硬碟\自製版子\holtek\GitHub\HT_USB_Project\HT66FB550_USB_C\HT66FB550_MCU.OBJ)
     00h     0096h     0096h    0000h      LOCAL    0         _HT66FB550_IO_INIT (C:\Users\james\Google 雲端硬碟\自製版子\holtek\GitHub\HT_USB_Project\HT66FB550_USB_C\HT66FB550_IO.OBJ)
     00h     0092h     0095h    0004h      LOCAL    5.5       _HT66FB550_IO_DIR (C:\Users\james\Google 雲端硬碟\自製版子\holtek\GitHub\HT_USB_Project\HT66FB550_USB_C\HT66FB550_IO.OBJ)
     00h     0092h     0095h    0004h      LOCAL    5.5       _HT66FB550_IO_Data (C:\Users\james\Google 雲端硬碟\自製版子\holtek\GitHub\HT_USB_Project\HT66FB550_USB_C\HT66FB550_IO.OBJ)

     Public Symbols Information
     Address            Public by Name
     0009h              _HT66FB550_IO_DIR
     0092h              _HT66FB550_IO_DIR_2
     007eh              _HT66FB550_IO_Data
     00f3h              _HT66FB550_IO_INIT
     0008h              _HT66FB550_MCU_Init
     0002h              _main
     008eh              _port_A_config
     0089h              _port_A_data
     0084h              _port_A_pull_high
     008dh              _port_B_config
     0088h              _port_B_data
     0083h              _port_B_pull_high
     008ch              _port_C_config
     0087h              _port_C_data
     0082h              _port_C_pull_high
     008bh              _port_D_config
     0086h              _port_D_data
     0081h              _port_D_pull_high
     008ah              _port_E_config
     0085h              _port_E_data
     0080h              _port_E_pull_high
     008fh              ra
     0090h              rb
     0091h              rc

     Address            Public by Value
     0002h              _main
     0008h              _HT66FB550_MCU_Init
     0009h              _HT66FB550_IO_DIR
     007eh              _HT66FB550_IO_Data
     0080h              _port_E_pull_high
     0081h              _port_D_pull_high
     0082h              _port_C_pull_high
     0083h              _port_B_pull_high
     0084h              _port_A_pull_high
     0085h              _port_E_data
     0086h              _port_D_data
     0087h              _port_C_data
     0088h              _port_B_data
     0089h              _port_A_data
     008ah              _port_E_config
     008bh              _port_D_config
     008ch              _port_C_config
     008dh              _port_B_config
     008eh              _port_A_config
     008fh              ra
     0090h              rb
     0091h              rc
     0092h              _HT66FB550_IO_DIR_2
     00f3h              _HT66FB550_IO_INIT


ROM Usage Statistics
     Size      Used     Percentage
     2000h     011eh    3%

RAM Usage Statistics
    Bank      Size      Used     Percentage
     00h       0080h     0016h    17%
     01h       0080h     0000h    0%
     02h       0080h     0000h    0%
     03h       0080h     0000h    0%
     04h       0080h     0000h    0%
     05h       0080h     0000h    0%
     Total     0300h     0016h    2%

Use Stack Count
_main: 2

Call Tree
    @dummy
        _main
            _HT66FB550_MCU_Init
            _HT66FB550_IO_INIT
                _HT66FB550_IO_DIR
                _HT66FB550_IO_Data

HLINK: Program entry point at section '@code' (address 0) of file 'C:\Users\james\Google 雲端硬碟\自製版子\holtek\GitHub\HT_USB_Project\HT66FB550_USB_C\MAIN.OBJ'

Total 0 error(s), Total 0 Warning(s)
